// Jest Snapshot v1, https://goo.gl/fbAQLP

exports[`FormField component should match snapshot 1`] = `
<div>
  <label
    for="1"
  >
    form label
  </label>
  <input
    data-testid="input"
    id="1"
    name="form-name"
    required=""
    type="text"
    value="text"
  />
</div>
`;
