// Jest Snapshot v1, https://goo.gl/fbAQLP

exports[`Title component should match snapshot 1`] = `
<div>
  <h1
    class="title"
    data-testid="heading"
  >
    Goodlord Referencing form
  </h1>
</div>
`;
